#-----------------------------------------------------------
# Vivado v2024.1 (64-bit)
# SW Build 5076996 on Wed May 22 18:37:14 MDT 2024
# IP Build 5075265 on Wed May 22 21:45:21 MDT 2024
# SharedData Build 5076995 on Wed May 22 18:29:18 MDT 2024
# Start of session at: Wed Nov 20 08:55:52 2024
# Process ID: 2460
# Current directory: C:/Users/HP/Documents/rapport/Project-4A/Project-4A.runs/impl_1
# Command line: vivado.exe -log TOP.vdi -applog -product Vivado -messageDb vivado.pb -mode batch -source TOP.tcl -notrace
# Log file: C:/Users/HP/Documents/rapport/Project-4A/Project-4A.runs/impl_1/TOP.vdi
# Journal file: C:/Users/HP/Documents/rapport/Project-4A/Project-4A.runs/impl_1\vivado.jou
# Running On        :Teooff1700
# Platform          :Windows Server 2016 or Windows 10
# Operating System  :19045
# Processor Detail  :Intel(R) Core(TM) i5-6300U CPU @ 2.40GHz
# CPU Frequency     :2496 MHz
# CPU Physical cores:2
# CPU Logical cores :4
# Host memory       :8464 MB
# Swap memory       :11876 MB
# Total Virtual     :20341 MB
# Available Virtual :5442 MB
#-----------------------------------------------------------
source TOP.tcl -notrace
